MarketplaceError::AlreadyInitialized = 1
MarketplaceError::NotInitialized = 2
MarketplaceError::NotAuthorized = 3
MarketplaceError::InvalidPrice = 4
MarketplaceError::ListingNotFound = 5
MarketplaceError::ListingInactive = 6
MarketplaceError::InvalidRoyalty = 7
MarketplaceError::InvalidExpiry = 8
MarketplaceError::ListingExpired = 9
MarketplaceError::ListingNotExpired = 10
MarketplaceError::InvalidOfferAmount = 11
MarketplaceError::OfferNotFound = 12
MarketplaceError::PaymentTokenNotAllowed = 13
MarketplaceError::SellerNotOwner = 14
MarketplaceError::BatchTooLarge = 15
MarketplaceError::EmptyBatch = 16
MarketplaceError::ListingStillActive = 17
MarketplaceError::Reentrant = 18
MarketplaceError::PriceExceedsMax = 13
MarketplaceError::CollectionOfferNotFound = 14
MarketplaceError::CollectionOfferExpired = 15
