DaoError::NotAuthorized = 1
DaoError::AlreadyInitialized = 2
DaoError::NotInitialized = 3
DaoError::ProposalNotFound = 4
DaoError::InvalidState = 5
DaoError::DeadlineNotReached = 6
DaoError::AlreadyVoted = 7
DaoError::QuorumNotMet = 8
DaoError::ProposalRejected = 9
DaoError::InsufficientVotingPower = 10
DaoError::InsufficientBondBalance = 11
DaoError::ActionFailed = 12
DaoError::VotesAlreadyCast = 11
DaoError::InvalidQuorumBps = 12
DaoError::VotingClosed = 13
DaoError::TimelockNotExpired = 14
DaoError::CircularDelegation = 15
DaoError::NoLockedTokens = 16
DaoError::VotingStillOpen = 17
