BondingCurveError::AlreadyInitialized = 1
BondingCurveError::NotInitialized = 2
BondingCurveError::Unauthorized = 3
BondingCurveError::InvalidAmount = 4
BondingCurveError::InsufficientReserve = 5
BondingCurveError::Overflow = 6
BondingCurveError::InvalidFee = 7
BondingCurveError::InvalidConfiguration = 8
BondingCurveError::RateLimitExceeded = 9
BondingCurveError::CooldownActive = 10
BondingCurveError::CurveGraduated = 11
BondingCurveError::NotGraduated = 12
